# E01 — variance decomposition of forward_z
# generated by: python experiments/E01_variance_decomposition.py
# data:   data/training_set.parquet
# commit: 4befdb1
# date:   2026-08-26

panel: 4596 rows, 122 sites, 4 clusters, 2022-09-10 .. 2026-06-21
obs/site: median 39, min 17, max 47
Var(forward_z) = 1.3101

[check] mean forward_z within (cluster,label_date) cohort: mean +0.0014, sd 0.0837  <- should be ~0 if gamma_t is removed
[check] ICC of forward_z on (cluster,label_date): 0.0000

variance components of forward_z
grouping                        ICC  naive eta2   between   within  groups
site_id (field effect)       0.3450      0.3604    0.4533   0.8606     122
cluster                      0.0000      0.0000    0.0000   1.3109       4
site_id within cluster       0.3450      0.3604    0.4533   0.8606     122

field-effect ICC 95% CI over 1000 site bootstraps: [0.2357, 0.4353]

expanding-window alpha_hat (== the climatology baseline) vs forward_z:
  Pearson r          +0.4490
  Spearman rho       +0.4366
  out-of-sample R2   +0.1987   (as a direct predictor, no fitting)

current level ndvi_z_peer (== the persistence baseline) vs forward_z:
  Pearson r          +0.4005
  field-effect ICC of ndvi_z_peer itself: 0.2791

reformulated target ztilde = forward_z - alpha_hat:
  Var(forward_z) 1.3101  ->  Var(ztilde) 1.0497   (+19.9% of variance removed)
  field-effect ICC 0.3450  ->  0.0678   <- should collapse toward 0
  corr(ztilde, alpha_hat) -0.0598   <- baseline can no longer win by proxy
